[    0.000000] Initializing cgroup subsys cpuset
[    0.000000] Initializing cgroup subsys cpu
[    0.000000] Initializing cgroup subsys cpuacct
[    0.000000] Linux version 4.4.0-184-generic (buildd@lgw01-amd64-060) (gcc version 5.4.0 20160609 (Ubuntu 5.4.0-6ubuntu1~16.04.12) ) #214-Ubuntu SMP Thu Jun 4 10:14:11 UTC 2020 (Ubuntu 4.4.0-184.214-generic 4.4.223)
[    0.000000] Command line: BOOT_IMAGE=/boot/vmlinuz-4.4.0-184-generic root=LABEL=cloudimg-rootfs ro console=tty1 console=ttyS0
[    0.000000] KERNEL supported cpus:
[    0.000000]   Intel GenuineIntel
[    0.000000]   AMD AuthenticAMD
[    0.000000]   Centaur CentaurHauls
[    0.000000] x86/fpu: xstate_offset[2]:  576, xstate_sizes[2]:  256
[    0.000000] x86/fpu: Supporting XSAVE feature 0x01: 'x87 floating point registers'
[    0.000000] x86/fpu: Supporting XSAVE feature 0x02: 'SSE registers'
[    0.000000] x86/fpu: Supporting XSAVE feature 0x04: 'AVX registers'
[    0.000000] x86/fpu: Enabled xstate features 0x7, context size is 832 bytes, using 'standard' format.
[    0.000000] e820: BIOS-provided physical RAM map:
[    0.000000] BIOS-e820: [mem 0x0000000000000000-0x000000000009fbff] usable
[    0.000000] BIOS-e820: [mem 0x000000000009fc00-0x000000000009ffff] reserved
[    0.000000] BIOS-e820: [mem 0x00000000000f0000-0x00000000000fffff] reserved
[    0.000000] BIOS-e820: [mem 0x0000000000100000-0x000000003ffeffff] usable
[    0.000000] BIOS-e820: [mem 0x000000003fff0000-0x000000003fffffff] ACPI data
[    0.000000] BIOS-e820: [mem 0x00000000fec00000-0x00000000fec00fff] reserved
[    0.000000] BIOS-e820: [mem 0x00000000fee00000-0x00000000fee00fff] reserved
[    0.000000] BIOS-e820: [mem 0x00000000fffc0000-0x00000000ffffffff] reserved
[    0.000000] NX (Execute Disable) protection: active
[    0.000000] SMBIOS 2.5 present.
[    0.000000] Hypervisor detected: KVM
[    0.000000] e820: last_pfn = 0x3fff0 max_arch_pfn = 0x400000000
[    0.000000] MTRR: Disabled
[    0.000000] x86/PAT: MTRRs disabled, skipping PAT initialization too.
[    0.000000] CPU MTRRs all blank - virtualized system.
[    0.000000] x86/PAT: Configuration [0-7]: WB  WT  UC- UC  WB  WT  UC- UC  
[    0.000000] found SMP MP-table at [mem 0x0009fff0-0x0009ffff] mapped at [ffff88000009fff0]
[    0.000000] Scanning 1 areas for low memory corruption
[    0.000000] RAMDISK: [mem 0x362de000-0x37166fff]
[    0.000000] ACPI: Early table checksum verification disabled
[    0.000000] ACPI: RSDP 0x00000000000E0000 000024 (v02 VBOX  )
[    0.000000] ACPI: XSDT 0x000000003FFF0030 00003C (v01 VBOX   VBOXXSDT 00000001 ASL  00000061)
[    0.000000] ACPI: FACP 0x000000003FFF00F0 0000F4 (v04 VBOX   VBOXFACP 00000001 ASL  00000061)
[    0.000000] ACPI: DSDT 0x000000003FFF0470 002325 (v02 VBOX   VBOXBIOS 00000002 INTL 20100528)
[    0.000000] ACPI: FACS 0x000000003FFF0200 000040
[    0.000000] ACPI: FACS 0x000000003FFF0200 000040
[    0.000000] ACPI: APIC 0x000000003FFF0240 00005C (v02 VBOX   VBOXAPIC 00000001 ASL  00000061)
[    0.000000] ACPI: SSDT 0x000000003FFF02A0 0001CC (v01 VBOX   VBOXCPUT 00000002 INTL 20100528)
[    0.000000] No NUMA configuration found
[    0.000000] Faking a node at [mem 0x0000000000000000-0x000000003ffeffff]
[    0.000000] NODE_DATA(0) allocated [mem 0x3ffeb000-0x3ffeffff]
[    0.000000] kvm-clock: Using msrs 4b564d01 and 4b564d00
[    0.000000] kvm-clock: cpu 0, msr 0:3ffe3001, primary cpu clock
[    0.000000] kvm-clock: using sched offset of 4981559727 cycles
[    0.000000] clocksource: kvm-clock: mask: 0xffffffffffffffff max_cycles: 0x1cd42e4dffb, max_idle_ns: 881590591483 ns
[    0.000000] Zone ranges:
[    0.000000]   DMA      [mem 0x0000000000001000-0x0000000000ffffff]
[    0.000000]   DMA32    [mem 0x0000000001000000-0x000000003ffeffff]
[    0.000000]   Normal   empty
[    0.000000]   Device   empty
[    0.000000] Movable zone start for each node
[    0.000000] Early memory node ranges
[    0.000000]   node   0: [mem 0x0000000000001000-0x000000000009efff]
[    0.000000]   node   0: [mem 0x0000000000100000-0x000000003ffeffff]
[    0.000000] Initmem setup node 0 [mem 0x0000000000001000-0x000000003ffeffff]
[    0.000000] ACPI: PM-Timer IO Port: 0x4008
[    0.000000] IOAPIC[0]: apic_id 2, version 32, address 0xfec00000, GSI 0-23
[    0.000000] ACPI: INT_SRC_OVR (bus 0 bus_irq 0 global_irq 2 dfl dfl)
[    0.000000] ACPI: INT_SRC_OVR (bus 0 bus_irq 9 global_irq 9 low level)
[    0.000000] Using ACPI (MADT) for SMP configuration information
[    0.000000] smpboot: Allowing 2 CPUs, 0 hotplug CPUs
[    0.000000] PM: Registered nosave memory: [mem 0x00000000-0x00000fff]
[    0.000000] PM: Registered nosave memory: [mem 0x0009f000-0x0009ffff]
[    0.000000] PM: Registered nosave memory: [mem 0x000a0000-0x000effff]
[    0.000000] PM: Registered nosave memory: [mem 0x000f0000-0x000fffff]
[    0.000000] e820: [mem 0x40000000-0xfebfffff] available for PCI devices
[    0.000000] Booting paravirtualized kernel on KVM
[    0.000000] clocksource: refined-jiffies: mask: 0xffffffff max_cycles: 0xffffffff, max_idle_ns: 7645519600211568 ns
[    0.000000] setup_percpu: NR_CPUS:512 nr_cpumask_bits:512 nr_cpu_ids:2 nr_node_ids:1
[    0.000000] PERCPU: Embedded 33 pages/cpu @ffff88003fc00000 s95448 r8192 d31528 u1048576
[    0.000000] Built 1 zonelists in Node order, mobility grouping on.  Total pages: 257912
[    0.000000] Policy zone: DMA32
[    0.000000] Kernel command line: BOOT_IMAGE=/boot/vmlinuz-4.4.0-184-generic root=LABEL=cloudimg-rootfs ro console=tty1 console=ttyS0
[    0.000000] PID hash table entries: 4096 (order: 3, 32768 bytes)
[    0.000000] Memory: 997664K/1048120K available (8632K kernel code, 1336K rwdata, 4036K rodata, 1492K init, 1292K bss, 50456K reserved, 0K cma-reserved)
[    0.000000] SLUB: HWalign=64, Order=0-3, MinObjects=0, CPUs=2, Nodes=1
[    0.000000] Kernel/User page tables isolation: enabled
[    0.000000] Hierarchical RCU implementation.
[    0.000000] 	Build-time adjustment of leaf fanout to 64.
[    0.000000] 	RCU restricting CPUs from NR_CPUS=512 to nr_cpu_ids=2.
[    0.000000] RCU: Adjusting geometry for rcu_fanout_leaf=64, nr_cpu_ids=2
[    0.000000] NR_IRQS:33024 nr_irqs:440 16
[    0.000000] Console: colour VGA+ 80x25
[    0.000000] console [tty1] enabled
[    0.000000] console [ttyS0] enabled
[    0.000000] tsc: Detected 2394.458 MHz processor
[    0.403639] Calibrating delay loop (skipped) preset value.. 4788.91 BogoMIPS (lpj=9577832)
[    0.408118] pid_max: default: 32768 minimum: 301
[    0.410357] ACPI: Core revision 20150930
[    0.416696] ACPI: 2 ACPI AML tables successfully acquired and loaded
[    0.419952] Security Framework initialized
[    0.421960] Yama: becoming mindful.
[    0.423717] AppArmor: AppArmor initialized
[    0.425856] Dentry cache hash table entries: 131072 (order: 8, 1048576 bytes)
[    0.433746] Inode-cache hash table entries: 65536 (order: 7, 524288 bytes)
[    0.437446] Mount-cache hash table entries: 2048 (order: 2, 16384 bytes)
[    0.440103] Mountpoint-cache hash table entries: 2048 (order: 2, 16384 bytes)
[    0.443387] Initializing cgroup subsys io
[    0.445323] Initializing cgroup subsys memory
[    0.447318] Initializing cgroup subsys devices
[    0.449559] Initializing cgroup subsys freezer
[    0.451754] Initializing cgroup subsys net_cls
[    0.454259] Initializing cgroup subsys perf_event
[    0.456459] Initializing cgroup subsys net_prio
[    0.458555] Initializing cgroup subsys hugetlb
[    0.460640] Initializing cgroup subsys pids
[    0.463689] mce: CPU supports 0 MCE banks
[    0.465699] Last level iTLB entries: 4KB 64, 2MB 8, 4MB 8
[    0.467981] Last level dTLB entries: 4KB 64, 2MB 0, 4MB 0, 1GB 4
[    0.470742] Spectre V1 : Mitigation: usercopy/swapgs barriers and __user pointer sanitization
[    0.474622] Spectre V2 : Mitigation: Full generic retpoline
[    0.476975] Spectre V2 : Spectre v2 / SpectreRSB mitigation: Filling RSB on context switch
[    0.480686] Speculative Store Bypass: Vulnerable
[    0.482819] SRBDS: Unknown: Dependent on hypervisor status
[    0.485696] MDS: Vulnerable: Clear CPU buffers attempted, no microcode
[    0.494615] Freeing SMP alternatives memory: 36K
[    0.510737] ftrace: allocating 32319 entries in 127 pages
[    0.647230] smpboot: APIC(0) Converting physical 0 to logical package 0
[    0.650041] smpboot: Max logical packages: 1
[    0.654448] x2apic enabled
[    0.656721] Switched APIC routing to physical x2apic.
[    0.662446] ..TIMER: vector=0x30 apic1=0 pin1=2 apic2=-1 pin2=-1
[    0.773318] smpboot: CPU0: Intel(R) Core(TM) i7-5500U CPU @ 2.40GHz (family: 0x6, model: 0x3d, stepping: 0x4)
[    0.778855] Performance Events: unsupported p6 CPU model 61 no PMU driver, software events only.
[    0.803057] KVM setup paravirtual spinlock
[    0.806346] x86: Booting SMP configuration:
[    0.808666] .... node  #0, CPUs:      #1
[    0.810799] kvm-clock: cpu 1, msr 0:3ffe3041, secondary cpu clock
[    0.814124] mce: CPU supports 0 MCE banks
[    0.817893] x86: Booted up 1 node, 2 CPUs
[    0.820782] smpboot: Total of 2 processors activated (9577.83 BogoMIPS)
[    0.824613] devtmpfs: initialized
[    0.840130] evm: security.selinux
[    0.842354] evm: security.SMACK64
[    0.844092] evm: security.SMACK64EXEC
[    0.846032] evm: security.SMACK64TRANSMUTE
[    0.847969] evm: security.SMACK64MMAP
[    0.849984] evm: security.ima
[    0.852523] evm: security.capability
[    0.855010] clocksource: jiffies: mask: 0xffffffff max_cycles: 0xffffffff, max_idle_ns: 7645041785100000 ns
[    0.860229] futex hash table entries: 512 (order: 3, 32768 bytes)
[    0.863960] pinctrl core: initialized pinctrl subsystem
[    0.866896] RTC time: 19:14:27, date: 06/30/20
[    0.870735] NET: Registered protocol family 16
[    0.886974] cpuidle: using governor ladder
[    0.899624] cpuidle: using governor menu
[    0.902467] PCCT header not found.
[    0.905690] ACPI: bus type PCI registered
[    0.908137] acpiphp: ACPI Hot Plug PCI Controller Driver version: 0.5
[    0.912089] PCI: Using configuration type 1 for base access
[    0.932281] ACPI: Added _OSI(Module Device)
[    0.935344] ACPI: Added _OSI(Processor Device)
[    0.938451] ACPI: Added _OSI(3.0 _SCP Extensions)
[    0.941400] ACPI: Added _OSI(Processor Aggregator Device)
[    0.946254] ACPI: Executed 1 blocks of module-level executable AML code
[    0.957745] ACPI: Interpreter enabled
[    0.959967] ACPI: (supports S0 S5)
[    0.962164] ACPI: Using IOAPIC for interrupt routing
[    0.965460] PCI: Using host bridge windows from ACPI; if necessary, use "pci=nocrs" and report a bug
[    0.983286] ACPI: PCI Root Bridge [PCI0] (domain 0000 [bus 00-ff])
[    0.986983] acpi PNP0A03:00: _OSC: OS supports [ASPM ClockPM Segments MSI]
[    0.991378] acpi PNP0A03:00: _OSC: not requesting OS control; OS requires [ExtendedConfig ASPM ClockPM MSI]
[    0.995698] acpi PNP0A03:00: fail to add MMCONFIG information, can't access extended PCI configuration space under this bridge.
[    1.001794] PCI host bridge to bus 0000:00
[    1.004991] pci_bus 0000:00: root bus resource [io  0x0000-0x0cf7 window]
[    1.007811] pci_bus 0000:00: root bus resource [io  0x0d00-0xffff window]
[    1.010919] pci_bus 0000:00: root bus resource [mem 0x000a0000-0x000bffff window]
[    1.014592] pci_bus 0000:00: root bus resource [mem 0x40000000-0xfdffffff window]
[    1.018486] pci_bus 0000:00: root bus resource [bus 00-ff]
[    1.026247] pci 0000:00:01.1: legacy IDE quirk: reg 0x10: [io  0x01f0-0x01f7]
[    1.029078] pci 0000:00:01.1: legacy IDE quirk: reg 0x14: [io  0x03f6]
[    1.031815] pci 0000:00:01.1: legacy IDE quirk: reg 0x18: [io  0x0170-0x0177]
[    1.072103] pci 0000:00:01.1: legacy IDE quirk: reg 0x1c: [io  0x0376]
[    1.115522] pci 0000:00:07.0: quirk: [io  0x4000-0x403f] claimed by PIIX4 ACPI
[    1.119364] pci 0000:00:07.0: quirk: [io  0x4100-0x410f] claimed by PIIX4 SMB
[    1.147279] ACPI: PCI Interrupt Link [LNKA] (IRQs 5 9 10 *11)
[    1.151544] ACPI: PCI Interrupt Link [LNKB] (IRQs 5 9 *10 11)
[    1.157032] ACPI: PCI Interrupt Link [LNKC] (IRQs 5 *9 10 11)
[    1.160548] ACPI: PCI Interrupt Link [LNKD] (IRQs 5 9 10 *11)
[    1.164063] ACPI: Enabled 2 GPEs in block 00 to 07
[    1.166964] vgaarb: setting as boot device: PCI:0000:00:02.0
[    1.169962] vgaarb: device added: PCI:0000:00:02.0,decodes=io+mem,owns=io+mem,locks=none
[    1.174059] vgaarb: loaded
[    1.176166] vgaarb: bridge control possible 0000:00:02.0
[    1.180326] SCSI subsystem initialized
[    1.183030] ACPI: bus type USB registered
[    1.186186] usbcore: registered new interface driver usbfs
[    1.189352] usbcore: registered new interface driver hub
[    1.192325] usbcore: registered new device driver usb
[    1.195893] PCI: Using ACPI for IRQ routing
[    1.203780] NetLabel: Initializing
[    1.205792] NetLabel:  domain hash size = 128
[    1.207918] NetLabel:  protocols = UNLABELED CIPSOv4
[    1.211302] NetLabel:  unlabeled traffic allowed by default
[    1.214477] amd_nb: Cannot enumerate AMD northbridges
[    1.217514] clocksource: Switched to clocksource kvm-clock
[    1.246967] AppArmor: AppArmor Filesystem Enabled
[    1.249324] pnp: PnP ACPI init
[    1.254210] pnp: PnP ACPI: found 3 devices
[    1.267713] clocksource: acpi_pm: mask: 0xffffff max_cycles: 0xffffff, max_idle_ns: 2085701024 ns
[    1.274995] NET: Registered protocol family 2
[    1.277377] TCP established hash table entries: 8192 (order: 4, 65536 bytes)
[    1.280437] TCP bind hash table entries: 8192 (order: 5, 131072 bytes)
[    1.283165] TCP: Hash tables configured (established 8192 bind 8192)
[    1.286476] UDP hash table entries: 512 (order: 2, 16384 bytes)
[    1.288980] UDP-Lite hash table entries: 512 (order: 2, 16384 bytes)
[    1.291895] NET: Registered protocol family 1
[    1.293899] pci 0000:00:00.0: Limiting direct PCI/PCI transfers
[    1.296568] pci 0000:00:01.0: Activating ISA DMA hang workarounds
[    1.299648] Unpacking initramfs...
[    1.945624] Freeing initrd memory: 14884K
[    1.948095] RAPL PMU detected, API unit is 2^-32 Joules, 4 fixed counters 10737418240 ms ovfl timer
[    1.953240] hw unit of domain pp0-core 2^-0 Joules
[    1.955698] hw unit of domain package 2^-0 Joules
[    1.957934] hw unit of domain dram 2^-0 Joules
[    1.959995] hw unit of domain pp1-gpu 2^-0 Joules
[    1.962252] clocksource: tsc: mask: 0xffffffffffffffff max_cycles: 0x2283c44026a, max_idle_ns: 440795260713 ns
[    1.967037] platform rtc_cmos: registered platform RTC device (no PNP device found)
[    1.971406] Scanning for low memory corruption every 60 seconds
[    1.975700] audit: initializing netlink subsys (disabled)
[    1.978751] audit: type=2000 audit(1593544474.670:1): initialized
[    1.982485] Initialise system trusted keyring
[    1.986177] HugeTLB registered 2 MB page size, pre-allocated 0 pages
[    1.994843] zbud: loaded
[    1.998044] VFS: Disk quotas dquot_6.6.0
[    2.000671] VFS: Dquot-cache hash table entries: 512 (order 0, 4096 bytes)
[    2.005487] squashfs: version 4.0 (2009/01/31) Phillip Lougher
[    2.009586] fuse init (API version 7.23)
[    2.012198] Key type big_key registered
[    2.014446] Allocating IMA MOK and blacklist keyrings.
[    2.022444] Key type asymmetric registered
[    2.024926] Asymmetric key parser 'x509' registered
[    2.027795] Block layer SCSI generic (bsg) driver version 0.4 loaded (major 249)
[    2.032311] io scheduler noop registered
[    2.035138] io scheduler deadline registered (default)
[    2.038137] io scheduler cfq registered
[    2.040803] pci_hotplug: PCI Hot Plug PCI Core version: 0.5
[    2.043838] pciehp: PCI Express Hot Plug Controller Driver version: 0.4
[    2.048268] ACPI: AC Adapter [AC] (on-line)
[    2.051782] input: Power Button as /devices/LNXSYSTM:00/LNXPWRBN:00/input/input0
[    2.056871] ACPI: Power Button [PWRF]
[    2.059785] input: Sleep Button as /devices/LNXSYSTM:00/LNXSLPBN:00/input/input1
[    2.064220] ACPI: Sleep Button [SLPF]
[    2.067115] GHES: HEST is not enabled!
[    2.070632] ACPI: Battery Slot [BAT0] (battery present)
[    2.075118] Serial: 8250/16550 driver, 32 ports, IRQ sharing enabled
[    2.101588] 00:02: ttyS0 at I/O 0x3f8 (irq = 4, base_baud = 115200) is a 16550A
[    2.114085] Linux agpgart interface v0.103
[    2.126082] loop: module loaded
[    2.129975] scsi host0: ata_piix
[    2.132997] scsi host1: ata_piix
[    2.135886] ata1: PATA max UDMA/33 cmd 0x1f0 ctl 0x3f6 bmdma 0xd000 irq 14
[    2.140763] ata2: PATA max UDMA/33 cmd 0x170 ctl 0x376 bmdma 0xd008 irq 15
[    2.144494] libphy: Fixed MDIO Bus: probed
[    2.146958] tun: Universal TUN/TAP device driver, 1.6
[    2.149316] tun: (C) 1999-2004 Max Krasnyansky <maxk@qualcomm.com>
[    2.154899] PPP generic driver version 2.4.2
[    2.157470] ehci_hcd: USB 2.0 'Enhanced' Host Controller (EHCI) Driver
[    2.160372] ehci-pci: EHCI PCI platform driver
[    2.162500] ehci-platform: EHCI generic platform driver
[    2.164843] ohci_hcd: USB 1.1 'Open' Host Controller (OHCI) Driver
[    2.168399] ohci-pci: OHCI PCI platform driver
[    2.170828] ohci-platform: OHCI generic platform driver
[    2.173512] uhci_hcd: USB Universal Host Controller Interface driver
[    2.177358] i8042: PNP: PS/2 Controller [PNP0303:PS2K,PNP0f03:PS2M] at 0x60,0x64 irq 1,12
[    2.183632] serio: i8042 KBD port at 0x60,0x64 irq 1
[    2.187784] serio: i8042 AUX port at 0x60,0x64 irq 12
[    2.191513] mousedev: PS/2 mouse device common for all mice
[    2.196357] input: AT Translated Set 2 keyboard as /devices/platform/i8042/serio0/input/input2
[    2.202844] rtc_cmos rtc_cmos: rtc core: registered rtc_cmos as rtc0
[    2.203057] rtc_cmos rtc_cmos: alarms up to one day, 114 bytes nvram
[    2.203076] i2c /dev entries driver
[    2.203246] device-mapper: uevent: version 1.0.3
[    2.203421] device-mapper: ioctl: 4.34.0-ioctl (2015-10-28) initialised: dm-devel@redhat.com
[    2.203468] ledtrig-cpu: registered to indicate activity on CPUs
[    2.204298] NET: Registered protocol family 10
[    2.204775] NET: Registered protocol family 17
[    2.204789] Key type dns_resolver registered
[    2.205935] registered taskstats version 1
[    2.205964] Loading compiled-in X.509 certificates
[    2.207306] Loaded X.509 cert 'Build time autogenerated kernel key: b6ae09eed57f82583ccd3c65c463e852cdd7a0b5'
[    2.207350] zswap: loaded using pool lzo/zbud
[    2.212559] Key type trusted registered
[    2.220944] Key type encrypted registered
[    2.220959] AppArmor: AppArmor sha1 policy hashing enabled
[    2.220964] ima: No TPM chip found, activating TPM-bypass!
[    2.220977] ima: Allocated hash algorithm: sha1
[    2.220997] evm: HMAC attrs: 0x1
[    2.221595]   Magic number: 8:439:244
[    2.223055] rtc_cmos rtc_cmos: setting system clock to 2020-06-30 19:14:29 UTC (1593544469)
[    2.223285] BIOS EDD facility v0.16 2004-Jun-25, 0 devices found
[    2.223286] EDD information not available.
[    2.331309] Freeing unused kernel memory: 1492K
[    2.341869] Write protecting the kernel read-only data: 14336k
[    2.346485] Freeing unused kernel memory: 1596K
[    2.349870] Freeing unused kernel memory: 60K
Loading, please wait...
starting version 229
[    2.380650] random: systemd-udevd: uninitialized urandom read (16 bytes read, 5 bits of entropy available)
[    2.382059] random: udevadm: uninitialized urandom read (16 bytes read, 5 bits of entropy available)
[    2.382088] random: udevadm: uninitialized urandom read (16 bytes read, 5 bits of entropy available)
[    2.399131] random: systemd-udevd: uninitialized urandom read (16 bytes read, 5 bits of entropy available)
[    2.407289] random: systemd-udevd: uninitialized urandom read (16 bytes read, 5 bits of entropy available)
[    2.407796] random: udevadm: uninitialized urandom read (16 bytes read, 5 bits of entropy available)
[    2.407880] random: udevadm: uninitialized urandom read (16 bytes read, 5 bits of entropy available)
[    2.408178] random: udevadm: uninitialized urandom read (16 bytes read, 5 bits of entropy available)
[    2.408379] random: udevadm: uninitialized urandom read (16 bytes read, 5 bits of entropy available)
[    2.408526] random: udevadm: uninitialized urandom read (16 bytes read, 5 bits of entropy available)
[    2.512470] e1000: Intel(R) PRO/1000 Network Driver - version 7.3.21-k8-NAPI
[    2.516239] e1000: Copyright (c) 1999-2006 Intel Corporation.
[    2.524574] Fusion MPT base driver 3.04.20
[    2.526709] Copyright (c) 1999-2008 LSI Corporation
[    2.546349] Fusion MPT SPI Host driver 3.04.20
[    2.584773] AVX2 version of gcm_enc/dec engaged.
[    2.588010] AES CTR mode by8 optimization enabled
[    2.741241] input: ImExPS/2 Generic Explorer Mouse as /devices/platform/i8042/serio1/input/input4
[    3.020960] e1000 0000:00:03.0 eth0: (PCI:33MHz:32-bit) 02:89:fa:04:16:8f
[    3.024803] e1000 0000:00:03.0 eth0: Intel(R) PRO/1000 Network Connection
[    3.030899] mptbase: ioc0: Initiating bringup
[    3.094684] ioc0: LSI53C1030 A0: Capabilities={Initiator}
[    3.260909] scsi host2: ioc0: LSI53C1030 A0, FwRev=00000000h, Ports=1, MaxQ=256, IRQ=20
[    3.377034] scsi 2:0:0:0: Direct-Access     VBOX     HARDDISK         1.0  PQ: 0 ANSI: 5
[    3.380897] scsi target2:0:0: Beginning Domain Validation
[    3.385206] scsi target2:0:0: Domain Validation skipping write tests
[    3.388914] scsi target2:0:0: Ending Domain Validation
[    3.391657] scsi target2:0:0: asynchronous
[    3.453896] scsi 2:0:1:0: Direct-Access     VBOX     HARDDISK         1.0  PQ: 0 ANSI: 5
[    3.459139] scsi target2:0:1: Beginning Domain Validation
[    3.464948] scsi target2:0:1: Domain Validation skipping write tests
[    3.468914] scsi target2:0:1: Ending Domain Validation
[    3.472345] scsi target2:0:1: asynchronous
[    3.522690] sd 2:0:0:0: Attached scsi generic sg0 type 0
[    3.525978] sd 2:0:0:0: [sda] 20971520 512-byte logical blocks: (10.7 GB/10.0 GiB)
[    3.532114] sd 2:0:1:0: [sdb] 20480 512-byte logical blocks: (10.5 MB/10.0 MiB)
[    3.537465] sd 2:0:1:0: Attached scsi generic sg1 type 0
[    3.541690] sd 2:0:0:0: [sda] Write Protect is off
[    3.544341] sd 2:0:1:0: [sdb] Write Protect is off
[    3.546951] sd 2:0:0:0: [sda] Incomplete mode parameter data
[    3.549678] sd 2:0:0:0: [sda] Assuming drive cache: write through
[    3.553055] sd 2:0:1:0: [sdb] Incomplete mode parameter data
[    3.555614] sd 2:0:1:0: [sdb] Assuming drive cache: write through
[    3.646176]  sda: sda1
[    3.649583] sd 2:0:0:0: [sda] Attached SCSI disk
[    3.664941] sd 2:0:1:0: [sdb] Attached SCSI disk
[    3.910246] e1000 0000:00:08.0 eth1: (PCI:33MHz:32-bit) 08:00:27:1f:0a:df
[    3.913269] e1000 0000:00:08.0 eth1: Intel(R) PRO/1000 Network Connection
[    3.918163] e1000 0000:00:03.0 enp0s3: renamed from eth0
[    3.934821] e1000 0000:00:08.0 enp0s8: renamed from eth1
Begin: Loading essential drivers ... [    6.070017] md: linear personality registered for level -1
[    6.078877] md: multipath personality registered for level -4
[    6.089089] md: raid0 personality registered for level 0
[    6.103829] md: raid1 personality registered for level 1
[    6.181546] raid6: sse2x1   gen()  2142 MB/s
[    6.249910] raid6: sse2x1   xor()  1477 MB/s
[    6.318295] raid6: sse2x2   gen()  3487 MB/s
[    6.385652] raid6: sse2x2   xor()  2511 MB/s
[    6.453913] raid6: sse2x4   gen()  5904 MB/s
[    6.522276] raid6: sse2x4   xor()  3266 MB/s
[    6.589857] raid6: avx2x1   gen()  4438 MB/s
[    6.657970] raid6: avx2x2   gen()  7042 MB/s
[    6.726369] raid6: avx2x4   gen() 11492 MB/s
[    6.728551] raid6: using algorithm avx2x4 gen() 11492 MB/s
[    6.731183] raid6: using avx2x2 recovery algorithm
[    6.735512] xor: automatically using best checksumming function:
[    6.777590]    avx       : 14348.000 MB/sec
[    6.782052] async_tx: api initialized (async)
[    6.804556] md: raid6 personality registered for level 6
[    6.807500] md: raid5 personality registered for level 5
[    6.810006] md: raid4 personality registered for level 4
[    6.823006] md: raid10 personality registered for level 10
done.
Begin: Running /scripts/init-premount ... done.
Begin: Mounting root file system ... Begin: Running /scripts/local-top ... done.
Begin: Running /scripts/local-premount ... [    6.898641] Btrfs loaded
Scanning for Btrfs filesystems
done.
Warning: fsck not present, so skipping root file system
[    7.044420] EXT4-fs (sda1): mounted filesystem with ordered data mode. Opts: (null)
done.
Begin: Running /scripts/local-bottom ... done.
Begin: Running /scripts/init-bottom ... done.
[    7.578938] random: nonblocking pool is initialized
[    8.157977] systemd[1]: systemd 229 running in system mode. (+PAM +AUDIT +SELINUX +IMA +APPARMOR +SMACK +SYSVINIT +UTMP +LIBCRYPTSETUP +GCRYPT +GNUTLS +ACL +XZ -LZ4 +SECCOMP +BLKID +ELFUTILS +KMOD -IDN)
[    8.167429] systemd[1]: Detected virtualization oracle.
[    8.170170] systemd[1]: Detected architecture x86-64.

Welcome to [1mUbuntu 16.04.6 LTS[0m!

[    8.247414] systemd[1]: Set hostname to <ubuntu>.
[    8.289832] systemd[1]: Initializing machine ID from random generator.
[    8.292983] systemd[1]: Installed transient /etc/machine-id file.
[   10.628514] systemd[1]: Reached target System Time Synchronized.
[[0;32m  OK  [0m] Reached target System Time Synchronized.
[   10.635966] systemd[1]: Started Forward Password Requests to Wall Directory Watch.
[[0;32m  OK  [0m] Started Forward Password Requests to Wall Directory Watch.
[   10.650914] systemd[1]: Listening on Syslog Socket.
[[0;32m  OK  [0m] Listening on Syslog Socket.
[   10.662140] systemd[1]: Reached target User and Group Name Lookups.
[[0;32m  OK  [0m] Reached target User and Group Name Lookups.
[   10.668465] systemd[1]: Set up automount Arbitrary Executable File Formats File System Automount Point.
[[0;32m  OK  [0m] Set up automount Arbitrary Executab...ats File System Automount Point.
[   10.676884] systemd[1]: Listening on Device-mapper event daemon FIFOs.
[[0;32m  OK  [0m] Listening on Device-mapper event daemon FIFOs.
[   10.682746] systemd[1]: Started Trigger resolvconf update for networkd DNS.
[[0;32m  OK  [0m] Started Trigger resolvconf update for networkd DNS.
[   10.689545] systemd[1]: Created slice User and Session Slice.
[[0;32m  OK  [0m] Created slice User and Session Slice.
[   10.695008] systemd[1]: Listening on Journal Audit Socket.
[[0;32m  OK  [0m] Listening on Journal Audit Socket.
[   10.699904] systemd[1]: Listening on LVM2 metadata daemon socket.
[[0;32m  OK  [0m] Listening on LVM2 metadata daemon socket.
[   10.708408] systemd[1]: Created slice System Slice.
[[0;32m  OK  [0m] Created slice System Slice.
[   10.713515] systemd[1]: Created slice system-serial\x2dgetty.slice.
[[0;32m  OK  [0m] Created slice system-serial\x2dgetty.slice.
[   10.719408] systemd[1]: Reached target Encrypted Volumes.
[[0;32m  OK  [0m] Reached target Encrypted Volumes.
[   10.724567] systemd[1]: Listening on Journal Socket.
[[0;32m  OK  [0m] Listening on Journal Socket.
[   10.742170] systemd[1]: Starting Remount Root and Kernel File Systems...
         Starting Remount Root and Kernel File Systems...
[   10.749530] systemd[1]: Starting Monitoring of LVM2 mirrors, snapshots etc. using dmeventd or progress polling...
         Starting Monitoring of LVM2 mirrors... dmeventd or progress polling...
[   10.785958] systemd[1]: Mounting Huge Pages File System...
         Mounting Huge Pages File System...
[   10.868553] EXT4-fs (sda1): re-mounted. Opts: (null)
[   10.886188] systemd[1]: Starting Load Kernel Modules...
         Starting Load Kernel Modules...
[   10.928853] systemd[1]: Listening on Journal Socket (/dev/log).
[[0;32m  OK  [0m] Listening on Journal Socket (/dev/log).
[   10.949862] systemd[1]: Starting Journal Service...
         Starting Journal Service...
[   10.955770] systemd[1]: Mounting POSIX Message Queue File System...
         Mounting POSIX Message Queue File System...
[   10.962556] systemd[1]: Starting Create list of required static device nodes for the current kernel...
         Starting Create list of required st... nodes for the current kernel...
[   10.978193] systemd[1]: Reached target Swap.
[[0;32m  OK  [0m] Reached target Swap.
[   10.982208] systemd[1]: Listening on udev Kernel Socket.
[[0;32m  OK  [0m] Listening on udev Kernel Socket.
[   10.986973] systemd[1]: Reached target Slices.
[[0;32m  OK  [0m] Reached target Slices.
[   11.002633] systemd[1]: Starting Nameserver information manager...
         Starting Nameserver information manager...
[   11.007729] systemd[1]: Listening on LVM2 poll daemon socket.
[[0;32m  OK  [0m] Listening on LVM2 poll daemon socket.
[   11.012180] systemd[1]: Listening on /dev/initctl Compatibility Named Pipe.
[[0;32m  OK  [0m] Listening on /dev/initctl Compatibility Named Pipe.
[   11.020190] systemd[1]: Starting Set console keymap...
         Starting Set console keymap...
[   11.031371] systemd[1]: Mounting Debug File System...
         Mounting Debug File System...
[   11.037829] systemd[1]: Starting Uncomplicated firewall...
         Starting Uncomplicated firewall...
[   11.042174] systemd[1]: Listening on udev Control Socket.
[[0;32m  OK  [0m] Listening on udev Control Socket.
[   11.057286] systemd[1]: Mounted Huge Pages File System.
[[0;32m  OK  [0m] Mounted Huge Pages File System.
[   11.062546] systemd[1]: Mounted POSIX Message Queue File System.
[[0;32m  OK  [0m] Mounted POSIX Message Queue File System.
[   11.068384] systemd[1]: Mounted Debug File System.
[[0;32m  OK  [0m] Mounted Debug File System.
[   11.074551] systemd[1]: Started Remount Root and Kernel File Systems.
[[0;32m  OK  [0m] Started Remount Root and Kernel File Systems.
[   11.165771] systemd[1]: Starting udev Coldplug all Devices...
         Starting udev Coldplug all Devices...
[   11.172740] systemd[1]: Starting Load/Save Random Seed...
         Starting Load/Save Random Seed...
[   11.178427] systemd[1]: Started Create list of required static device nodes for the current kernel.
[[0;32m  OK  [0m] Started Create list of required sta...ce nodes for the current kernel.
[   11.186985] systemd[1]: Started Nameserver information manager.
[[0;32m  OK  [0m] Started Nameserver information manager.
[   11.194747] systemd[1]: Starting Create Static Device Nodes in /dev...
         Starting Create Static Device Nodes in /dev...
[   11.296753] systemd[1]: Started Uncomplicated firewall.
[[0;32m  OK  [0m] Started Uncomplicated firewall.
[   11.330846] systemd[1]: Started LVM2 metadata daemon.
[[0;32m  OK  [0m] Started LVM2 metadata daemon.
[   11.466970] systemd[1]: Started Load/Save Random Seed.
[[0;32m  OK  [0m] Started Load/Save Random Seed.
[   11.499204] Loading iSCSI transport class v2.0-870.
[   11.535211] systemd[1]: Started udev Coldplug all Devices.
[[0;32m  OK  [0m] Started udev Coldplug all Devices.
[   11.551763] systemd[1]: Started Set console keymap.
[[0;32m  OK  [0m] Started Set console keymap.
[   11.595640] systemd[1]: Started Journal Service.
[[0;32m  OK  [0m] Started Journal Service.
         Starting Flush Journal to Persistent Storage...
[   11.641219] iscsi: registered transport (tcp)
[   11.768736] systemd-journald[384]: Received request to flush runtime journal from PID 1
[[0;32m  OK  [0m] Started Flush Journal to Persistent Storage.
[[0;32m  OK  [0m] Started Monitoring of LVM2 mirrors,...ng dmeventd or progress polling.
[   12.024654] iscsi: registered transport (iser)
[[0;32m  OK  [0m] Started Load Kernel Modules.
         Mounting FUSE Control File System...
         Starting Apply Kernel Variables...
[[0;32m  OK  [0m] Mounted FUSE Control File System.
[[0;32m  OK  [0m] Started Create Static Device Nodes in /dev.
         Starting udev Kernel Device Manager...
[[0;32m  OK  [0m] Reached target Local File Systems (Pre).
[[0;32m  OK  [0m] Reached target Local File Systems.
         Starting LSB: AppArmor initialization...
         Starting Tell Plymouth To Write Out Runtime Data...
         Starting Set console font and keymap...
         Starting Initial cloud-init job (pre-networking)...
         Starting Create Volatile Files and Directories...
         Starting Commit a transient machine-id on disk...
[[0;32m  OK  [0m] Started Apply Kernel Variables.
[[0;32m  OK  [0m] Started Commit a transient machine-id on disk.
[[0;32m  OK  [0m] Started Tell Plymouth To Write Out Runtime Data.
[[0;32m  OK  [0m] Started Create Volatile Files and Directories.
         Starting Update UTMP about System Boot/Shutdown...
[[0;32m  OK  [0m] Started Update UTMP about System Boot/Shutdown.
[[0;32m  OK  [0m] Started udev Kernel Device Manager.
[[0;32m  OK  [0m] Started Dispatch Password Requests to Console Directory Watch.
[[0;32m  OK  [0m] Started Set console font and keymap.
[[0;32m  OK  [0m] Created slice system-getty.slice.
[[0;32m  OK  [0m] Found device /dev/ttyS0.
[[0;32m  OK  [0m] Listening on Load/Save RF Kill Switch Status /dev/rfkill Watch.
[[0;32m  OK  [0m] Started LSB: AppArmor initialization.
[   19.981480] cloud-init[465]: Cloud-init v. 19.4-33-gbb4131a2-0ubuntu1~16.04.1 running 'init-local' at Tue, 30 Jun 2020 19:14:46 +0000. Up 18.99 seconds.
[[0;32m  OK  [0m] Started Initial cloud-init job (pre-networking).
[[0;32m  OK  [0m] Reached target Network (Pre).
         Starting Raise network interfaces...
[[0;32m  OK  [0m] Started Raise network interfaces.
         Starting Initial cloud-init job (metadata service crawler)...
[[0;32m  OK  [0m] Reached target Network.
[   24.491884] cloud-init[957]: Cloud-init v. 19.4-33-gbb4131a2-0ubuntu1~16.04.1 running 'init' at Tue, 30 Jun 2020 19:14:49 +0000. Up 21.38 seconds.
[   24.496909] cloud-init[957]: ci-info: ++++++++++++++++++++++++++++++++++++++Net device info+++++++++++++++++++++++++++++++++++++++
[   24.501721] cloud-init[957]: ci-info: +--------+-------+----------------------------+---------------+--------+-------------------+
[   24.506603] cloud-init[957]: ci-info: | Device |   Up  |          Address           |      Mask     | Scope  |     Hw-Address    |
[   24.511009] cloud-init[957]: ci-info: +--------+-------+----------------------------+---------------+--------+-------------------+
[   24.515718] cloud-init[957]: ci-info: | enp0s3 |  True |         10.0.2.15          | 255.255.255.0 | global | 02:89:fa:04:16:8f |
[   24.519111] cloud-init[957]: ci-info: | enp0s3 |  True | fe80::89:faff:fe04:168f/64 |       .       |  link  | 02:89:fa:04:16:8f |
[   24.524345] cloud-init[957]: ci-info: | enp0s8 | False |             .              |       .       |   .    | 08:00:27:1f:0a:df |
[   24.528526] cloud-init[957]: ci-info: |   lo   |  True |         127.0.0.1          |   255.0.0.0   |  host  |         .         |
[   24.533714] cloud-init[957]: ci-info: |   lo   |  True |          ::1/128           |       .       |  host  |         .         |
[   24.538514] cloud-init[957]: ci-info: +--------+-------+----------------------------+---------------+--------+-------------------+
[   24.548706] cloud-init[957]: ci-info: +++++++++++++++++++++++++++Route IPv4 info++++++++++++++++++++++++++++
[   24.555426] cloud-init[957]: ci-info: +-------+-------------+----------+---------------+-----------+-------+
[   24.559456] cloud-init[957]: ci-info: | Route | Destination | Gateway  |    Genmask    | Interface | Flags |
[   24.569146] cloud-init[957]: ci-info: +-------+-------------+----------+---------------+-----------+-------+
[   24.573182] [[0;32m  OK  [0m] Started Initial cloud-init job (metadata service crawler).
[[0;32m  OK  [0m] Reached target Cloud-config availability.
[[0;32m  OK  [0m] Reached target Network is Online.
cloud-init[957]: ci-info: |   0   |   0.0.0.0   | 10.0.2.2 |    0.0.0.0    |   enp0s3  |   UG  |
[   24.583481] cloud-init[957]: ci-info: |   1   |   10.0.2.0  | 0.0.0.0  | 255.255.255.0 |   enp0s3  |   U   |
[   24.586336] cloud-init[957]: ci-info: +-------+-------------+----------+---------------+-----------+-------+
[   24.589146] cloud-init[957]: ci-info: +++++++++++++++++++Route IPv6 info+++++++++++++++++++
[   24.591773] cloud-init[957]: ci-info: +-------+-------------+---------+-----------+-------+
[   24.594363] cloud-init[957]: ci-info: | Route | Destination | Gateway | Interface | Flags |         Starting iSCSI initiator daemon (iscsid)...
[[0;32m  OK  [0m] Reached target System Initialization.

[   24.601049] [[0;32m  OK  [0m] Listening on UUID daemon activation socket.
[[0;32m  OK  [0m] Started Message of the Day.
cloud-init[957]: ci-info: +-------+-------------+---------+-----------+-------+
[   24.608377] [[0;32m  OK  [0m] Listening on ACPID Listen Socket.
cloud-init[957]: ci-info: |   0   |  fe80::/64  |    ::   |   enp0s3  |   U   |
[   24.612091] cloud-init[957]: ci-info: |   3   |   ff00::/8  |    ::   |   enp0s3  |   U   |
[   24.617212] cloud-init[957]: ci-info: +-------+-------------+---------+-----------+-------+
[   24.619812] cloud-init[957]: Generating public/private rsa key pair.
[   24.621942] cloud-init[957]: Your identification has been saved in /etc/ssh/ssh_host_rsa_key.
[   24.624924] cloud-init[957]: Your public key has been saved in /etc/ssh/ssh_host_rsa_key.pub.
[   24.627448] cloud-init[957]: The key fingerprint is:
[   24.630057] cloud-init[957]: SHA256:Paycp2ys0BZaWOD2espTIfHT7pA6FRlv5g2daTTgnuk root@ubuntu-xenial
[   24.633045] cloud-init[957]: The key's randomart image is:
[   24.635025] cloud-init[957]: +---[RSA 2048]----+
[   24.636929] cloud-init[957]: |    .   ..       |
[   24.638780] cloud-init[957]: |   .....  o      |
[   24.640674] cloud-init[957]: |    oo.=.o +     |
[   24.642620] cloud-init[957]: |   ..+*.*==      |
[   24.644456] cloud-init[957]: |    ..+XS++      |
[   24.647370] cloud-init[957]: |     ==+oo..     |
[   24.649619] cloud-init[957]: |    ++++E .      |
[   24.651594] cloud-init[957]: |   .+= .+o       |
[   24.653803] cloud-init[957]: |    oo.oo        |
[   24.655633] cloud-init[957]: +----[SHA256]-----+
[   24.657347] cloud-init[957]: Generating public/private dsa key pair.
[   24.659248] cloud-init[957]: Your identification has been saved in /etc/ssh/ssh_host_dsa_key.
[   24.661821] cloud-init[957]: Your public key has been saved in /etc/ssh/ssh_host_dsa_key.pub.
[   24.664810] cloud-init[957]: The key fingerprint is:
[   24.666700] cloud-init[957]: SHA256:kRUHcivbV37g+ZleVnotiEqMmb4RgcFQkepQ+wTtwBw root@ubuntu-xenial
[   24.669366] cloud-init[957]: The key's randomart image is:
[   24.671369] cloud-init[957]: +---[DSA 1024]----+
[   24.673463] cloud-init[957]: | oE*+o  . =o.    |
[   24.675243] cloud-init[957]: |  * +o   = o     |
[   24.677184] cloud-init[957]: | . *. . + .   o  |
[   24.679057] cloud-init[957]: |. o o  . =   + o |
[   24.681338] cloud-init[957]: | o o  . S . . + o|
[   24.683205] cloud-init[957]: |  . .  *   o . +=|
[   24.685035] cloud-init[957]: |      = o . . oo*|
[   24.686800] cloud-init[957]: |     . o .    .+.|
[   24.688724] cloud-init[957]: |      o..      . |
[   24.690745] cloud-init[957]: +----[SHA256]-----+
[   24.693291] cloud-init[957]: Generating public/private ecdsa key pair.
[   24.695731] cloud-init[957]: Your identification has been saved in /etc/ssh/ssh_host_ecdsa_key.
[   24.699352] cloud-init[957]: Your public key has been saved in /etc/ssh/ssh_host_ecdsa_key.pub.
[   24.702139] cloud-init[957]: The key fingerprint is:
[   24.703959] cloud-init[957]: SHA256:yqkL0LD/6vW3nG6Jtrwu0UAtimLYoisL9CaGfqsqVwM root@ubuntu-xenial
[   24.706545] cloud-init[957]: The key's randomart image is:
[   24.708505] cloud-init[957]: +---[ECDSA 256]---+
[   24.710366] cloud-init[957]: |     .           |
[   24.712698] cloud-init[957]: |    o .          |
[   24.715411] cloud-init[957]: |oo o .           |
[   24.717391] cloud-init[957]: |==E .            |
[   24.719157] cloud-init[957]: |*o.. o  S        |
[   24.721013] cloud-init[957]: |+o. +..o         |
[   24.722911] cloud-init[957]: |o+o+.o+. .       |
[   24.724799] cloud-init[957]: |B +=.+o.+.       |
[   24.726589] cloud-init[957]: |**=o==**=.       |
[   24.728495] cloud-init[957]: +----[SHA256]-----+
[   24.732713] cloud-init[957]: Generating public/private ed25519 key pair.
[   24.735148] cloud-init[957]: Your identification has been saved in /etc/ssh/ssh_host_ed25519_key.
[   24.737805] cloud-init[957]: Your public key has been saved in /etc/ssh/ssh_host_ed25519_key.pub.
[   24.740461] cloud-init[957]: The key fingerprint is:
[   24.742571] cloud-init[957]: SHA256:GISHkWn/eg2cHR/7GOCKZU3jYo5fr/72uZsw5EohbZ8 root@ubuntu-xenial
[   24.745909] cloud-init[957]: The key's randomart image is:
[   24.748039] cloud-init[957]: +--[ED25519 256]--+
[   24.749900] cloud-init[957]: |    .*.          |
[   24.751420] cloud-init[957]: |    *..          |
[   24.753898] cloud-init[957]: |   . o.          |
[   24.755972] cloud-init[957]: |      .o .= .    |
[   24.757870] cloud-init[957]: |      .oSB+=.o   |
[   24.759698] cloud-init[957]: |        Xo==+.   |
[   24.761583] cloud-init[957]: |       O =o E+   |
[   24.764139] cloud-init[957]: |      + +o.ooo.o |
[   24.766085] cloud-init[957]: |       o..++o.*o |
[   24.768380] cloud-init[957]: +----[SHA256]-----+
[[0;32m  OK  [0m] Started ACPI Events Check.
[[0;32m  OK  [0m] Reached target Paths.
         Starting Socket activation for snappy daemon.
[[0;32m  OK  [0m] Started Daily apt download activities.
[[0;32m  OK  [0m] Started Daily apt upgrade and clean activities.
         Starting LXD - unix socket.
[[0;32m  OK  [0m] Started Daily Cleanup of Temporary Directories.
[[0;32m  OK  [0m] Reached target Timers.
[[0;32m  OK  [0m] Listening on D-Bus System Message Bus Socket.
[[0;32m  OK  [0m] Listening on Socket activation for snappy daemon.
[[0;32m  OK  [0m] Listening on LXD - unix socket.
[[0;32m  OK  [0m] Reached target Sockets.
[[0;32m  OK  [0m] Reached target Basic System.
         Starting /etc/rc.local Compatibility...
[[0;32m  OK  [0m] Started Deferred execution scheduler.
[[0;32m  OK  [0m] Started ACPI event daemon.
         Starting Virtualbox guest utils...
[[0;32m  OK  [0m] Started D-Bus System Message Bus.
[[0;32m  OK  [0m] Started Regular background program processing daemon.
         Starting LXD - container startup/shutdown...
         Starting LSB: MD monitoring daemon...
         Starting Pollinate to seed the pseudo random number generator...
         Starting LSB: Record successful boot for GRUB...
         Starting System Logging Service...
         Starting Accounts Service...
         Starting Login Service...
[[0;32m  OK  [0m] Started FUSE filesystem for LXC.
         Starting Snappy daemon...
[[0;32m  OK  [0m] Started /etc/rc.local Compatibility.
[[0;32m  OK  [0m] Started iSCSI initiator daemon (iscsid).
         Starting Login to default iSCSI targets...
[[0;32m  OK  [0m] Started Login Service.
[[0;32m  OK  [0m] Started Unattended Upgrades Shutdown.
[[0;32m  OK  [0m] Started LSB: MD monitoring daemon.
[[0;32m  OK  [0m] Started LSB: Record successful boot for GRUB.
[[0;32m  OK  [0m] Started Login to default iSCSI targets.
[[0;32m  OK  [0m] Reached target Remote File Systems (Pre).
[[0;32m  OK  [0m] Reached target Remote File Systems.
         Starting LSB: automatic crash report generation...
         Starting LSB: daemon to balance interrupts for SMP systems...
         Starting Permit User Sessions...
         Starting LSB: Set the CPU Frequency Scaling governor to "ondemand"...
[[0;32m  OK  [0m] Started System Logging Service.
[[0;32m  OK  [0m] Started LSB: Set the CPU Frequency Scaling governor to "ondemand".
[[0;32m  OK  [0m] Started Permit User Sessions.
         Starting Terminate Plymouth Boot Screen...
         Starting Hold until boot process finishes up...
[[0;32m  OK  [0m] Started Terminate Plymouth Boot Screen.
[[0;32m  OK  [0m] Started Hold until boot process finishes up.
[[0;32m  OK  [0m] Started Getty on tty1.
[[0;32m  OK  [0m] Started Serial Getty on ttyS0.
[[0;32m  OK  [0m] Reached target Login Prompts.
         Starting Set console scheme...
[[0;32m  OK  [0m] Started LSB: automatic crash report generation.
[[0;32m  OK  [0m] Started Set console scheme.
[[0;32m  OK  [0m] Started LSB: daemon to balance interrupts for SMP systems.
[[0;32m  OK  [0m] Started Virtualbox guest utils.
         Starting Authenticate and Authorize Users to Run Privileged Tasks...
[[0;32m  OK  [0m] Started Authenticate and Authorize Users to Run Privileged Tasks.
[[0;32m  OK  [0m] Started Accounts Service.
[[0;32m  OK  [0m] Started Pollinate to seed the pseudo random number generator.
         Starting OpenBSD Secure Shell server...

Ubuntu 16.04.6 LTS ubuntu-xenial ttyS0

ubuntu-xenial login: [   47.335786] cloud-init[1441]: Generating locales (this might take a while)...
[   53.739849] cloud-init[1441]:   en_US.UTF-8... done
[   53.744563] cloud-init[1441]: Generation complete.
[   61.170674] cloud-init[1441]: Cloud-init v. 19.4-33-gbb4131a2-0ubuntu1~16.04.1 running 'modules:config' at Tue, 30 Jun 2020 19:15:06 +0000. Up 39.03 seconds.
ci-info: no authorized SSH keys fingerprints found for user ubuntu.
<14>Jun 30 19:15:30 ec2: 
<14>Jun 30 19:15:30 ec2: #############################################################
<14>Jun 30 19:15:30 ec2: -----BEGIN SSH HOST KEY FINGERPRINTS-----
<14>Jun 30 19:15:30 ec2: 1024 SHA256:kRUHcivbV37g+ZleVnotiEqMmb4RgcFQkepQ+wTtwBw root@ubuntu-xenial (DSA)
<14>Jun 30 19:15:30 ec2: 256 SHA256:yqkL0LD/6vW3nG6Jtrwu0UAtimLYoisL9CaGfqsqVwM root@ubuntu-xenial (ECDSA)
<14>Jun 30 19:15:30 ec2: 256 SHA256:GISHkWn/eg2cHR/7GOCKZU3jYo5fr/72uZsw5EohbZ8 root@ubuntu-xenial (ED25519)
<14>Jun 30 19:15:30 ec2: 2048 SHA256:Paycp2ys0BZaWOD2espTIfHT7pA6FRlv5g2daTTgnuk root@ubuntu-xenial (RSA)
<14>Jun 30 19:15:30 ec2: -----END SSH HOST KEY FINGERPRINTS-----
<14>Jun 30 19:15:30 ec2: #############################################################
-----BEGIN SSH HOST KEY KEYS-----
ecdsa-sha2-nistp256 AAAAE2VjZHNhLXNoYTItbmlzdHAyNTYAAAAIbmlzdHAyNTYAAABBBFm0CWHMFeneMXCLC5FEVsXtYvI5Po9hZMIYIKksbHLvR85I0ZN6zGs1XZZAMey3lDlbD25L9CLrEIEIgYmj8DE= root@ubuntu-xenial
ssh-ed25519 AAAAC3NzaC1lZDI1NTE5AAAAIL/4kh8rbCbJBv9zlN3+fUQ+20OCZQ1QPg+yKgGymuS2 root@ubuntu-xenial
ssh-rsa AAAAB3NzaC1yc2EAAAADAQABAAABAQDFQZ9cT7OQd+0Db33+Q/HIyUBKo4ZPzjRpzjSLEVpxCiP8z7DcmwXC49VURppMvh01+cW2Yq2ekzn9pyeis6WqBygU7CZJ7i7v11htby6AAeAwA++sOBGL6WST3DE7eP4kjlTVeGTVALY8UDZDJl4dy4lnR/aSZ8csacAkSThFmOmc3fTXwtceBiwSZn5SC7OwEQnAA8q3W0UuKCwH0b1Kp6A9xvRcESZ0dK9FHf0TZCcF7u+OhQzXsqcheM1FVLX3OYNMFa7pmr7jHlJX+MaiBk3SwDVc+4ch21dPzBxInSo9MNVEBz3YPsrHokO6P75FesXsSdNaQrJJ0lo4O+sx root@ubuntu-xenial
-----END SSH HOST KEY KEYS-----
[   62.624745] cloud-init[1978]: Cloud-init v. 19.4-33-gbb4131a2-0ubuntu1~16.04.1 running 'modules:final' at Tue, 30 Jun 2020 19:15:30 +0000. Up 62.19 seconds.
[   62.632286] cloud-init[1978]: ci-info: no authorized SSH keys fingerprints found for user ubuntu.
[   62.635902] cloud-init[1978]: Cloud-init v. 19.4-33-gbb4131a2-0ubuntu1~16.04.1 finished at Tue, 30 Jun 2020 19:15:30 +0000. Datasource DataSourceNoCloud [seed=/dev/sdb][dsmode=net].  Up 62.58 seconds
